I/ActivityManager(  483): Start proc com.android.settings for broadcast com.android.settings/.widget.SettingsAppWidgetProvider: pid=885 uid=1000 gids={41000, 1015, 1028, 3002, 3001, 3003, 3007}
I/FusedLocation(  767): engine started (com.android.location.fused)
D/dalvikvm(  572): GC_FOR_ALLOC freed 139K, 3% free 8961K/9224K, paused 46ms, total 46ms
D/BluetoothManagerService(  483): Message: 20
D/BluetoothManagerService(  483): Added callback: android.bluetooth.IBluetoothManagerCallback$Stub$Proxy@42a33768:true
D/BluetoothAdapter(  885): 1113245424: getState() :  mService = null. Returning STATE_OFF
D/BluetoothManagerService(  483): Message: 30
D/NFCJNI  (  698): NFC capabilities: HAL = 8150100, FW = a76d0c, HW = 620003, Model = 10, HCI = 1, Full_FW = 109, Rev = 12, FW Update Info = 0
D/BluetoothManagerService(  483): Message: 30
I/dalvikvm-heap(  572): Grow heap (frag case) to 15.732MB for 7198736-byte allocation
D/BluetoothPan(  885): BluetoothPan() call bindService
W/ContextImpl(  885): Calling a method in the system process without a qualified user: android.app.ContextImpl.bindService:1406 android.content.ContextWrapper.bindService:473 android.bluetooth.BluetoothInputDevice.<init>:240 android.bluetooth.BluetoothAdapter.getProfileProxy:1161 com.android.settings.bluetooth.LocalBluetoothAdapter.getProfileProxy:94 
W/ContextImpl(  885): Calling a method in the system process without a qualified user: android.app.ContextImpl.bindService:1406 android.content.ContextWrapper.bindService:473 android.bluetooth.BluetoothPan.<init>:141 android.bluetooth.BluetoothAdapter.getProfileProxy:1164 com.android.settings.bluetooth.PanProfile.<init>:73 
D/BluetoothPan(  885): BluetoothPan(), bindService called
W/ContextImpl(  885): Calling a method in the system process without a qualified user: android.app.ContextImpl.bindService:1406 android.content.ContextWrapper.bindService:473 android.bluetooth.BluetoothPbap.<init>:161 com.android.settings.bluetooth.PbapServerProfile.<init>:68 com.android.settings.bluetooth.LocalBluetoothProfileManager.<init>:124 
D/LocalBluetoothProfileManager(  885): LocalBluetoothProfileManager construction complete
D/BluetoothAdapter(  885): 1113245424: getState() :  mService = null. Returning STATE_OFF
D/BluetoothAdapter(  885): 1113245424: getState() :  mService = null. Returning STATE_OFF
D/dalvikvm(  572): GC_CONCURRENT freed 5K, 2% free 15985K/16256K, paused 3ms+7ms, total 65ms
D/dalvikvm(  727): GC_CONCURRENT freed 279K, 5% free 7773K/8176K, paused 8ms+20ms, total 70ms
I/GservicesProvider(  849): Gservices pushing to system: true; secure/global: true
I/ActivityManager(  483): Start proc com.google.android.apps.maps for broadcast com.google.android.apps.maps/com.google.android.location.internal.NlpNetworkProviderSettingsUpdateReceiver: pid=907 uid=10036 gids={50036, 3003, 1015, 1028}
D/dalvikvm(  483): GC_EXPLICIT freed 685K, 7% free 11363K/12176K, paused 3ms+7ms, total 162ms
D/BluetoothManagerService(  483): Message: 30
D/dalvikvm(  727): GC_CONCURRENT freed 225K, 5% free 8034K/8388K, paused 8ms+3ms, total 44ms
D/dalvikvm(  727): WAIT_FOR_CONCURRENT_GC blocked 17ms
D/NFCJNI  (  698): phLibNfc_SE_GetSecureElementList()
D/NFCJNI  (  698): 
D/NFCJNI  (  698): > Number of Secure Element(s) : 1
D/NFCJNI  (  698): phLibNfc_SE_GetSecureElementList(): SMX detected, handle=0xabcdef
D/NFCJNI  (  698): phLibNfc_SE_SetMode() returned 0x000d[NFCSTATUS_PENDING]
I/NFCJNI  (  698): NFC Initialized
D/NdefPushServer(  698): start, thread = null
D/NdefPushServer(  698): starting new server thread
D/NdefPushServer(  698): about create LLCP service socket
D/NdefPushServer(  698): created LLCP service socket
D/NdefPushServer(  698): about to accept
D/NfcService(  698): NFC-EE OFF
D/dalvikvm(  727): GC_CONCURRENT freed 289K, 6% free 8157K/8628K, paused 4ms+5ms, total 31ms
D/NfcService(  698): NFC-C OFF
D/ConnectivityService(  483): Captive portal check NetworkInfo: type: WIFI[], state: CONNECTING/CAPTIVE_PORTAL_CHECK, reason: (unspecified), extra: "CMU", roaming: false, failover: false, isAvailable: true
D/ConnectivityService(  483): Captive portal check NetworkInfo: type: WIFI[], state: CONNECTING/CAPTIVE_PORTAL_CHECK, reason: (unspecified), extra: "CMU", roaming: false, failover: false, isAvailable: true
D/ConnectivityService(  483): ConnectivityChange for WIFI: CONNECTED/CONNECTED
D/libEGL  (  727): loaded /system/lib/egl/libEGL_tegra.so
D/ConnectivityService(  483): ConnectivityChange for WIFI: CONNECTED/CONNECTED
D/ConnectivityService(  483): handleConnectivityChange: address are the same reset per doReset linkProperty[1]: resetMask=0
D/libEGL  (  727): loaded /system/lib/egl/libGLESv1_CM_tegra.so
D/dalvikvm(  727): GC_FOR_ALLOC freed 239K, 6% free 8278K/8772K, paused 38ms, total 38ms
D/libEGL  (  727): loaded /system/lib/egl/libGLESv2_tegra.so
D/OpenGLRenderer(  727): Enabling debug mode 0
I/ActivityManager(  483): Displayed com.android.launcher/com.android.launcher2.Launcher: +2s411ms
D/dalvikvm(  727): GC_FOR_ALLOC freed 184K, 5% free 8456K/8884K, paused 21ms, total 21ms
D/NetworkLocationClient(  747): binding to Intent { act=com.google.android.location.internal.ANDROID_NLP pkg=com.google.android.location }
D/dalvikvm(  849): GC_CONCURRENT freed 173K, 4% free 7502K/7800K, paused 4ms+2ms, total 39ms
I/gmmInternalNlpService(  747): internal NLP onStart(com.google.android.location.internal.ANDROID_NLP) com.google.android.location
D/NetworkLocationClient(  747): onServiceConnected to ComponentInfo{com.google.android.location/com.google.android.location.internal.server.NetworkLocationService}
D/Launcher.Model(  727): DbDebug    Modify item (Chrome) in db, id: 6 (4, 0, 0, 0) --> (4, 0, 0, 0)
D/Launcher.Model(  727): DbDebug    Modify item (Gmail) in db, id: 8 (4, 0, 1, 0) --> (4, 0, 1, 0)
D/Launcher.Model(  727): DbDebug    Modify item (Google+) in db, id: 10 (4, 0, 2, 0) --> (4, 0, 2, 0)
D/Launcher.Model(  727): DbDebug    Modify item (Maps) in db, id: 12 (4, 0, 3, 0) --> (4, 0, 3, 0)
D/Launcher.Model(  727): DbDebug    Modify item (YouTube) in db, id: 14 (4, 0, 0, 1) --> (4, 0, 0, 1)
D/Launcher.Model(  727): DbDebug    Modify item (Talk) in db, id: 16 (4, 0, 1, 1) --> (4, 0, 1, 1)
D/Launcher.Model(  727): DbDebug    Modify item (Calendar) in db, id: 18 (4, 0, 2, 1) --> (4, 0, 2, 1)
D/dalvikvm(  907): GC_CONCURRENT freed 220K, 5% free 7557K/7904K, paused 4ms+3ms, total 35ms
D/Launcher.Model(  727): DbDebug    Modify item (People) in db, id: 20 (4, 0, 3, 1) --> (4, 0, 3, 1)
D/Launcher.Model(  727): DbDebug    Modify item (Gallery) in db, id: 22 (4, 0, 0, 2) --> (4, 0, 0, 2)
D/Launcher.Model(  727): DbDebug    Modify item (Earth) in db, id: 24 (4, 0, 1, 2) --> (4, 0, 1, 2)
D/Launcher.Model(  727): DbDebug    Modify item (Currents) in db, id: 26 (4, 0, 2, 2) --> (4, 0, 2, 2)
D/Launcher.Model(  727): DbDebug    Modify item (Wallet) in db, id: 28 (4, 0, 3, 2) --> (4, 0, 3, 2)
D/BluetoothAdapter(  885): 1113245424: getState() :  mService = null. Returning STATE_OFF
D/dalvikvm(  727): GC_CONCURRENT freed 150K, 4% free 8765K/9064K, paused 1ms+2ms, total 22ms
D/dalvikvm(  727): WAIT_FOR_CONCURRENT_GC blocked 20ms
I/ActivityManager(  483): Start proc com.google.android.music:main for broadcast com.google.android.music/.playback.MediaButtonIntentReceiver: pid=972 uid=10038 gids={50038, 3003, 1015, 1028}
I/MusicStore(  972): Database version: 50
D/dalvikvm(  727): GC_FOR_ALLOC freed 158K, 4% free 8868K/9148K, paused 25ms, total 29ms
I/dalvikvm-heap(  727): Grow heap (frag case) to 10.067MB for 1352576-byte allocation
D/dalvikvm(  727): GC_CONCURRENT freed 3K, 3% free 10185K/10472K, paused 3ms+3ms, total 26ms
D/dalvikvm(  972): GC_CONCURRENT freed 281K, 6% free 7464K/7872K, paused 3ms+3ms, total 21ms
I/ActivityManager(  483): Start proc com.google.android.apps.walletnfcrel for broadcast com.google.android.apps.walletnfcrel/com.google.android.apps.wallet.nfcevent.NfcAdapterStateReceiver: pid=998 uid=10058 gids={50058, 3003, 1028}
D/SystemUtils(  972): getSystemProperty: lpa.decode=null
I/LocalDevicePlayback(  972): pause: transient=false, currentPos=-1
D/CacheService(  972): onCreate
D/CacheService(  972): onBind
I/LocalDevicePlayback(  972): Streaming client created.
I/SurfaceFlinger(  125): Boot is finished (15809 ms)
I/ActivityManager(  483): Config changes=1400 {1.0 ?mcc?mnc en_US ldltr sw600dp w600dp h880dp 213dpi lrg port finger -keyb/v/h -nav/h s.4}
D/BluetoothManagerService(  483): Message: 30
D/BluetoothManagerService(  483): Message: 30
W/ContextImpl(  483): Calling a method in the system process without a qualified user: android.app.ContextImpl.bindService:1406 android.bluetooth.BluetoothHeadset.<init>:273 android.bluetooth.BluetoothAdapter.getProfileProxy:1155 android.media.AudioService.getBluetoothHeadset:2111 android.media.AudioService.access$2700:100 
W/ContextImpl(  483): Calling a method in the system process without a qualified user: android.app.ContextImpl.bindService:1406 android.bluetooth.BluetoothA2dp.<init>:160 android.bluetooth.BluetoothAdapter.getProfileProxy:1158 android.media.AudioService$AudioServiceBroadcastReceiver.onReceive:3935 android.app.LoadedApk$ReceiverDispatcher$Args.run:758 
V/WiredAccessoryManager(  483): init()
V/SipBroadcastReceiver(  676): SIP VOIP not supported: android.net.sip.SIP_SERVICE_UP
D/dalvikvm(  483): GC_CONCURRENT freed 741K, 7% free 11558K/12428K, paused 3ms+8ms, total 122ms
D/dalvikvm(  998): GC_CONCURRENT freed 292K, 6% free 7422K/7840K, paused 23ms+17ms, total 105ms
D/dalvikvm(  641): GC_CONCURRENT freed 209K, 5% free 7456K/7788K, paused 4ms+2ms, total 58ms
D/dalvikvm(  727): GC_CONCURRENT freed 608K, 7% free 10545K/11272K, paused 4ms+4ms, total 40ms
D/dalvikvm(  998): GC_CONCURRENT freed 320K, 6% free 7548K/7996K, paused 3ms+16ms, total 72ms
I/RecoverySystem(  483): No recovery log file
D/dalvikvm(  727): GC_FOR_ALLOC freed 598K, 9% free 10721K/11740K, paused 29ms, total 29ms
I/ActivityManager(  483): Start proc com.android.providers.calendar for broadcast com.android.providers.calendar/.CalendarReceiver: pid=1054 uid=10007 gids={50007, 3003, 1015, 1028}
E/DowngradeSafeSQLiteOpenHelper(  998): old version: 25 new version: 25
I/PowerManagerService(  483): Boot animation finished.
I/ActivityManager(  483): Start proc com.google.android.configupdater for broadcast com.google.android.configupdater/.CertPinUpdateRequestReceiver: pid=1070 uid=10010 gids={50010, 3003, 2001, 1028}
I/BootReceiver(  483): Copying /proc/last_kmsg to DropBox (SYSTEM_LAST_KMSG)
D/dalvikvm(  483): GC_FOR_ALLOC freed 599K, 8% free 11839K/12736K, paused 42ms, total 42ms
E/UpdateRequestReceiver( 1070): ignoring update request
E/UpdateRequestReceiver( 1070): ignoring update request
I/ActivityManager(  483): Start proc com.google.android.deskclock for broadcast com.google.android.deskclock/com.android.deskclock.AlarmInitReceiver: pid=1086 uid=10013 gids={50013, 1028}
D/dalvikvm(  126): GC_EXPLICIT freed 40K, 3% free 7279K/7444K, paused 2ms+3ms, total 28ms
D/dalvikvm(  126): GC_EXPLICIT freed <1K, 3% free 7279K/7444K, paused 1ms+2ms, total 21ms
D/dalvikvm(  126): GC_EXPLICIT freed <1K, 3% free 7279K/7444K, paused 2ms+4ms, total 26ms
V/AlarmClock( 1086): No next alarm
V/AlarmClock( 1086): AlarmInitReceiver - Reset timers and clear stopwatch data
V/AlarmClock( 1086): No next alarm
V/AlarmClock( 1086): AlarmInitReceiver finished
D/dalvikvm(  483): GC_EXPLICIT freed 575K, 10% free 11627K/12832K, paused 4ms+5ms, total 58ms
I/ActivityManager(  483): Start proc com.google.android.email for broadcast com.google.android.email/com.android.email.service.EmailBroadcastReceiver: pid=1106 uid=10015 gids={50015, 3003, 1015, 1028}
I/CalendarProvider2( 1054): Sending notification intent: Intent { act=android.intent.action.PROVIDER_CHANGED dat=content://com.android.calendar }
W/ContentResolver( 1054): Failed to get type for: content://com.android.calendar (Unknown URL content://com.android.calendar)
D/ActivityThread( 1106): Loading provider com.android.email.provider;com.android.email.notifier: com.android.email.provider.EmailProvider
I/ActivityManager(  483): Start proc com.google.android.exchange for service com.google.android.exchange/com.android.exchange.ExchangeService: pid=1123 uid=10016 gids={50016, 3003, 1015, 1028}
D/Tethering(  483): MasterInitialState.processMessage what=3
D/SystemClock(  483): Setting time of day to sec=1378965173
D/Tethering(  483): MasterInitialState.processMessage what=3
D/libgps  (  483): proxy_agps_ril_update_network_state()
D/libgps  (  483): proxy_agps_ril_update_network_state: called
D/libgps  (  483): proxy_agps_ril_update_network_availability()
D/libgps  (  483): proxy_agps_ril_update_network_state()
D/libgps  (  483): proxy_agps_ril_update_network_state: called
D/libgps  (  483): proxy_agps_ril_update_network_availability()
D/GpsLocationProvider(  483): NTP server returned: 1378965171069 (Thu Sep 12 01:52:51 EDT 2013) reference: 23145 certainty: 42 system time offset: -2998
D/libgps  (  483): proxy_gps_inject_time()
D/libgps  (  483): proxy_agps_ril_request_setid_cb()
D/libgps  (  483): proxy_agps_ril_set_set_id()
D/libgps  (  483): proxy_agps_ril_request_setid_cb()
D/EmailProvider( 1106): fromDatabase accounts: 0
D/EmailProvider( 1106): ending toDatabase transaction; copyCount = 0
D/libgps  (  483): proxy_agps_ril_set_set_id()
D/ExchangeService( 1123): !!! EAS ExchangeService, onCreate
D/ExchangeService( 1123): !!! EAS ExchangeService, onStartCommand, startingUp = false, running = false
D/Eas Debug( 1123): Logging: 
D/ExchangeService( 1123): !!! EAS ExchangeService, onStartCommand, startingUp = true, running = false
I/ActivityManager(  483): Start proc com.google.android.gm for broadcast com.google.android.gm/.GoogleMailDeviceStartupReceiver: pid=1147 uid=10020 gids={50020, 3003, 1015, 1028}
D/ExchangeService( 1123): Received deviceId from Email app: android1378339230833
D/ExchangeService( 1123): Reconciling accounts...
D/ExchangeService( 1123): !!! EAS ExchangeService, onStartCommand, startingUp = true, running = false
D/Eas Debug( 1123): Logging: 
D/EmailProvider( 1106): ending fromDatabase transaction; copyCount = 0
W/ActivityManager(  483): Unable to start service Intent { cmp=com.google.android.email/com.android.email.service.AttachmentDownloadService } U=0: not found
I/ActivityManager(  483): Start proc com.google.android.gsf.login for service com.google.android.gsf.login/com.google.android.gsf.loginservice.GoogleLoginService: pid=1176 uid=10021 gids={50021, 3003, 1007, 1028, 1015, 2001, 3006}
D/dalvikvm( 1106): GC_CONCURRENT freed 225K, 5% free 7453K/7804K, paused 5ms+3ms, total 30ms
I/ActivityManager(  483): Start proc com.google.android.partnersetup for broadcast com.google.android.partnersetup/.GooglePartnerSetup: pid=1186 uid=10025 gids={50025, 3003, 1028}
I/ActivityManager(  483): Config changes=1401 {1.0 310mcc?mnc en_US ldltr sw600dp w600dp h880dp 213dpi lrg port finger -keyb/v/h -nav/h s.5}
W/ActivityManager(  483): Unable to start service Intent { cmp=com.google.android.email/com.android.email.service.AttachmentDownloadService } U=0: not found
D/ExchangeService( 1123): !!! EAS ExchangeService, onStartCommand, startingUp = false, running = false
I/RlzPingService( 1186): Setting next ping for 1379548832434
D/ExchangeService( 1123): Reconciling accounts...
W/ActivityManager(  483): Unable to start service Intent { cmp=com.google.android.email/com.android.email.service.AttachmentDownloadService } U=0: not found
I/ActivityManager(  483): Start proc com.google.android.apps.maps:FriendService for broadcast com.google.android.apps.maps/com.google.googlenav.friend.android.ServiceReceiver: pid=1234 uid=10036 gids={50036, 3003, 1015, 1028}
D/dalvikvm(  849): GC_CONCURRENT freed 306K, 6% free 7633K/8064K, paused 8ms+16ms, total 124ms
I/SystemUpdateService(  849): download in progress: [id: 8 compl: true succ: true bytes: 165191009 reason: 0 fn: /cache/36aa4a7cda5f8616dccfc4480a4592b06762b0a6.signed-nakasi-JWR66Y-from-JDQ39.36aa4a7c.zip]
I/SystemUpdateService(  849): file has been verified
I/SystemUpdateService(  849): OTA package size = 165191009
W/ActivityManager(  483): Unable to start service Intent { cmp=com.google.android.email/com.android.email.service.AttachmentDownloadService } U=0: not found
D/Launcher.Model(  727): DbDebug    Modify item (Chrome) in db, id: 6 (4, 0, 0, 0) --> (4, 0, 0, 0)
D/Launcher.Model(  727): DbDebug    Modify item (Gmail) in db, id: 8 (4, 0, 1, 0) --> (4, 0, 1, 0)
D/Launcher.Model(  727): DbDebug    Modify item (Google+) in db, id: 10 (4, 0, 2, 0) --> (4, 0, 2, 0)
D/Launcher.Model(  727): DbDebug    Modify item (Maps) in db, id: 12 (4, 0, 3, 0) --> (4, 0, 3, 0)
D/Launcher.Model(  727): DbDebug    Modify item (YouTube) in db, id: 14 (4, 0, 0, 1) --> (4, 0, 0, 1)
D/Launcher.Model(  727): DbDebug    Modify item (Talk) in db, id: 16 (4, 0, 1, 1) --> (4, 0, 1, 1)
D/Launcher.Model(  727): DbDebug    Modify item (Calendar) in db, id: 18 (4, 0, 2, 1) --> (4, 0, 2, 1)
D/Launcher.Model(  727): DbDebug    Modify item (People) in db, id: 20 (4, 0, 3, 1) --> (4, 0, 3, 1)
D/Launcher.Model(  727): DbDebug    Modify item (Gallery) in db, id: 22 (4, 0, 0, 2) --> (4, 0, 0, 2)
D/Launcher.Model(  727): DbDebug    Modify item (Earth) in db, id: 24 (4, 0, 1, 2) --> (4, 0, 1, 2)
D/Launcher.Model(  727): DbDebug    Modify item (Currents) in db, id: 26 (4, 0, 2, 2) --> (4, 0, 2, 2)
D/Launcher.Model(  727): DbDebug    Modify item (Wallet) in db, id: 28 (4, 0, 3, 2) --> (4, 0, 3, 2)
D/dalvikvm(  641): GC_EXPLICIT freed 214K, 5% free 7555K/7892K, paused 2ms+17ms, total 99ms
D/dalvikvm(  727): GC_CONCURRENT freed 826K, 8% free 11044K/11992K, paused 2ms+6ms, total 67ms
D/dalvikvm(  727): WAIT_FOR_CONCURRENT_GC blocked 43ms
D/dalvikvm(  727): WAIT_FOR_CONCURRENT_GC blocked 26ms
I/SystemUpdateService(  849): download in progress: [id: 8 compl: true succ: true bytes: 165191009 reason: 0 fn: /cache/36aa4a7cda5f8616dccfc4480a4592b06762b0a6.signed-nakasi-JWR66Y-from-JDQ39.36aa4a7c.zip]
I/SystemUpdateService(  849): file has been verified
I/SystemUpdateService(  849): OTA package size = 165191009
D/Launcher.Model(  727): Reload apps on config change. curr_mcc:310 prevmcc:0
I/Choreographer(  727): Skipped 33 frames!  The application may be doing too much work on its main thread.
I/ActivityManager(  483): Start proc com.google.android.onetimeinitializer for broadcast com.google.android.onetimeinitializer/.OneTimeInitializerReceiver: pid=1252 uid=10041 gids={50041, 1028}
D/MtpService(  641): updating state; isCurrentUser=true, mMtpLocked=false
V/OneTimeInitializerReceiver( 1252): OneTimeInitializerReceiver.onReceive
V/OneTimeService( 1252): OneTimeService.onHandleIntent
I/ActivityManager(  483): Start proc com.android.vending for broadcast com.android.vending/com.google.android.finsky.receivers.BootCompletedReceiver: pid=1266 uid=10045 gids={50045, 3003, 1015, 1028}
I/dalvikvm(  483): Jit: resizing JitTable from 4096 to 8192
D/dalvikvm(  483): GC_EXPLICIT freed 538K, 8% free 11903K/12832K, paused 4ms+7ms, total 134ms
D/Finsky  ( 1266): [1] FinskyApp.onCreate: Initializing network with DFE https://android.clients.google.com/fdfe/
D/Finsky  ( 1266): [1] DailyHygiene.goMakeHygieneIfDirty: Dirty, need more hygiene.
W/Settings( 1266): Setting download_manager_max_bytes_over_mobile has moved from android.provider.Settings.Secure to android.provider.Settings.Global.
W/Settings( 1266): Setting download_manager_recommended_max_bytes_over_mobile has moved from android.provider.Settings.Secure to android.provider.Settings.Global.
W/Finsky  ( 1266): [1] FinskyApp.getCurrentAccount: No account configured on this device.
W/Finsky  ( 1266): [1] FinskyApp.getDfeApi: No account configured on this device.
I/ActivityManager(  483): Start proc com.google.android.talk for broadcast com.google.android.talk/.videochat.BootCompleteReceiver: pid=1303 uid=10052 gids={50052, 3003, 1015, 1006, 1028, 3002}
D/dalvikvm( 1266): GC_CONCURRENT freed 273K, 6% free 7462K/7860K, paused 6ms+7ms, total 67ms
D/dalvikvm(  727): GC_FOR_ALLOC freed 2108K, 21% free 9844K/12420K, paused 58ms, total 58ms
D/vclib:CallStateClient( 1303): startListening
I/talk    ( 1303): Refresh the supported camera state
I/ActivityManager(  483): Start proc com.google.android.googlequicksearchbox for broadcast com.google.android.googlequicksearchbox/com.google.android.apps.sidekick.StartUpReceiver: pid=1323 uid=10054 gids={50054, 3003, 1028, 1007, 3002, 1015, 1006}
D/dalvikvm( 1303): GC_CONCURRENT freed 304K, 6% free 7470K/7904K, paused 3ms+5ms, total 53ms
D/dalvikvm( 1303): WAIT_FOR_CONCURRENT_GC blocked 7ms
I/talk    ( 1303): supported front camera true
D/Launcher.Model(  727): DbDebug    Modify item (Chrome) in db, id: 6 (4, 0, 0, 0) --> (4, 0, 0, 0)
D/Launcher.Model(  727): DbDebug    Modify item (Gmail) in db, id: 8 (4, 0, 1, 0) --> (4, 0, 1, 0)
D/dalvikvm(  727): GC_CONCURRENT freed 736K, 21% free 9887K/12420K, paused 3ms+5ms, total 42ms
D/Launcher.Model(  727): DbDebug    Modify item (Google+) in db, id: 10 (4, 0, 2, 0) --> (4, 0, 2, 0)
D/Launcher.Model(  727): DbDebug    Modify item (Maps) in db, id: 12 (4, 0, 3, 0) --> (4, 0, 3, 0)
D/Launcher.Model(  727): DbDebug    Modify item (YouTube) in db, id: 14 (4, 0, 0, 1) --> (4, 0, 0, 1)
D/Launcher.Model(  727): DbDebug    Modify item (Talk) in db, id: 16 (4, 0, 1, 1) --> (4, 0, 1, 1)
D/Launcher.Model(  727): DbDebug    Modify item (Calendar) in db, id: 18 (4, 0, 2, 1) --> (4, 0, 2, 1)
D/Launcher.Model(  727): DbDebug    Modify item (People) in db, id: 20 (4, 0, 3, 1) --> (4, 0, 3, 1)
D/Launcher.Model(  727): DbDebug    Modify item (Gallery) in db, id: 22 (4, 0, 0, 2) --> (4, 0, 0, 2)
D/Launcher.Model(  727): DbDebug    Modify item (Earth) in db, id: 24 (4, 0, 1, 2) --> (4, 0, 1, 2)
D/Launcher.Model(  727): DbDebug    Modify item (Currents) in db, id: 26 (4, 0, 2, 2) --> (4, 0, 2, 2)
D/Launcher.Model(  727): DbDebug    Modify item (Wallet) in db, id: 28 (4, 0, 3, 2) --> (4, 0, 3, 2)
D/dalvikvm(  727): GC_FOR_ALLOC freed 93K, 20% free 10001K/12420K, paused 21ms, total 21ms
I/dalvikvm-heap(  727): Grow heap (frag case) to 11.173MB for 1352576-byte allocation
D/dalvikvm(  727): GC_CONCURRENT freed 5K, 18% free 11316K/13744K, paused 3ms+2ms, total 24ms
D/GStaticConfiguration( 1323): #loadConfiguration
D/GStaticConfiguration( 1323): #loadConfiguration from preference
D/GStaticConfiguration( 1323): Configuration loaded [17]
D/dalvikvm( 1323): GC_CONCURRENT freed 277K, 6% free 7515K/7916K, paused 4ms+3ms, total 30ms
D/dalvikvm( 1323): WAIT_FOR_CONCURRENT_GC blocked 8ms
W/GAV2    ( 1323): Thread[main,5,main]: Connection to service failed 1
W/ActivityManager(  483): Unable to start service Intent { act=com.google.android.gms.analytics.service.START (has extras) } U=0: not found
W/GAV2    ( 1323): Thread[main,5,main]: Need to call initialize() and be in fallback mode to start dispatch.
D/dalvikvm(  483): GC_EXPLICIT freed 392K, 9% free 11774K/12832K, paused 3ms+7ms, total 87ms
I/ActivityManager(  483): Start proc com.google.android.youtube for broadcast com.google.android.youtube/.core.transfer.DownloadService$BootReceiver: pid=1357 uid=10060 gids={50060, 3003, 1015, 1006, 1028}
D/dalvikvm(  126): GC_EXPLICIT freed 40K, 3% free 7279K/7444K, paused 2ms+4ms, total 35ms
I/GTalkService/c(  849): [AndroidEndpoint@1113833016] connect: acct=1000000, state=CONNECTING
I/ActivityManager(  483): No longer want com.google.android.inputmethod.latin.dictionarypack (pid 782): empty #17
D/dalvikvm(  126): GC_EXPLICIT freed <1K, 3% free 7279K/7444K, paused 2ms+3ms, total 28ms
D/dalvikvm(  126): GC_EXPLICIT freed <1K, 3% free 7279K/7444K, paused 2ms+4ms, total 32ms
D/dalvikvm(  998): GC_CONCURRENT freed 250K, 5% free 7699K/8076K, paused 4ms+18ms, total 51ms
I/OnBootService(  998): Delaying startup tasks until setup complete.
I/ActivityManager(  483): No longer want com.google.android.apps.maps (pid 907): empty #17
D/dalvikvm(  641): null clazz in OP_INSTANCE_OF, single-stepping
D/dalvikvm(  849): GC_CONCURRENT freed 315K, 6% free 7722K/8164K, paused 5ms+4ms, total 30ms
D/dalvikvm(  641): GC_CONCURRENT freed 357K, 7% free 7591K/8076K, paused 2ms+3ms, total 29ms
D/dalvikvm( 1357): GC_CONCURRENT freed 294K, 6% free 7391K/7812K, paused 2ms+3ms, total 23ms
D/dalvikvm(  483): GC_EXPLICIT freed 139K, 7% free 11777K/12572K, paused 3ms+10ms, total 71ms
D/dalvikvm( 1357): GC_CONCURRENT freed 224K, 5% free 7604K/7952K, paused 2ms+3ms, total 22ms
W/Finsky  ( 1266): [1] FinskyApp.getCurrentAccount: No account configured on this device.
W/Finsky  ( 1266): [1] FinskyApp.getCurrentAccount: No account configured on this device.
W/Finsky  ( 1266): [1] FinskyApp.getDfeApi: No account configured on this device.
W/Finsky  ( 1266): [1] FinskyApp.getCurrentAccount: No account configured on this device.
W/Finsky  ( 1266): [1] FinskyApp.getCurrentAccount: No account configured on this device.
W/Finsky  ( 1266): [1] FinskyApp.getDfeApi: No account configured on this device.
W/Finsky  ( 1266): [1] FinskyApp.getCurrentAccount: No account configured on this device.
W/Finsky  ( 1266): [1] FinskyApp.getDfeApi: No account configured on this device.
W/Finsky  ( 1266): [1] FinskyApp.getCurrentAccount: No account configured on this device.
W/Finsky  ( 1266): [1] FinskyApp.getDfeApi: No account configured on this device.
W/Finsky  ( 1266): [1] FinskyApp.getCurrentAccount: No account configured on this device.
W/Finsky  ( 1266): [1] FinskyApp.getDfeApi: No account configured on this device.
D/dalvikvm( 1086): GC_CONCURRENT freed 285K, 6% free 7419K/7832K, paused 3ms+2ms, total 25ms
D/libgps  (  483): proxy_gps_xtra_inject_xtra_data()
W/Finsky  ( 1266): [1] FinskyApp.getCurrentAccount: No account configured on this device.
W/Finsky  ( 1266): [1] FinskyApp.getDfeApi: No account configured on this device.
W/Finsky  ( 1266): [1] FinskyApp.getCurrentAccount: No account configured on this device.
W/Finsky  ( 1266): [1] FinskyApp.getDfeApi: No account configured on this device.
W/Finsky  ( 1266): [1] FinskyApp.getCurrentAccount: No account configured on this device.
W/Finsky  ( 1266): [1] FinskyApp.getDfeApi: No account configured on this device.
D/dalvikvm(  727): GC_FOR_ALLOC freed 1469K, 21% free 10961K/13744K, paused 23ms, total 23ms
I/ActivityManager(  483): Start proc com.google.android.calendar for broadcast com.google.android.calendar/com.android.calendar.alerts.AlertReceiver: pid=1400 uid=10006 gids={50006, 3003, 1028}
I/AudioService(  483):  AudioFocus  abandonAudioFocus() from android.media.AudioManager@425beb58com.google.android.music.playback.LocalDevicePlayback$7@425ef180
D/CacheService(  972): onDestroy
D/AlertReceiver( 1400): onReceive: a=android.intent.action.PROVIDER_CHANGED Intent { act=android.intent.action.PROVIDER_CHANGED dat=content://com.android.calendar flg=0x10 cmp=com.google.android.calendar/com.android.calendar.alerts.AlertReceiver }
D/AlertService( 1400): 0 Action = android.intent.action.PROVIDER_CHANGED
D/AlertService( 1400): Beginning updateAlertNotification
I/ActivityManager(  483): Start proc com.google.android.gallery3d for broadcast com.google.android.gallery3d/com.google.android.picasasync.ConnectivityReceiver: pid=1423 uid=10019 gids={50019, 1006, 3003, 1015, 1028}
D/AlertService( 1400): No fired or scheduled alerts
I/ActivityManager(  483): No longer want com.android.settings (pid 885): empty #17
D/dalvikvm( 1423): GC_CONCURRENT freed 415K, 7% free 7372K/7912K, paused 2ms+5ms, total 28ms
D/dalvikvm( 1423): GC_CONCURRENT freed 489K, 8% free 7395K/8008K, paused 2ms+2ms, total 23ms
D/dalvikvm( 1423): WAIT_FOR_CONCURRENT_GC blocked 11ms
I/ActivityManager(  483): No longer want com.google.android.music:main (pid 972): empty #17
D/UploadsManager( 1423):    wifiOnlyPhoto changed to true
D/UploadsManager( 1423):    wifiOnlyVideo changed to true
D/UploadsManager( 1423):    syncOnBattery changed to true
I/ActivityManager(  483): Start proc com.google.android.apps.uploader for broadcast com.google.android.apps.uploader/com.google.android.picasasync.ConnectivityReceiver: pid=1443 uid=10037 gids={50037, 3003, 1015, 1028}
D/PicasaSync( 1423): sync account database
D/PicasaSync( 1423): accounts in DB=0
D/PicasaSyncManager( 1423): active network: NetworkInfo: type: WIFI[], state: CONNECTED/CONNECTED, reason: (unspecified), extra: "CMU", roaming: false, failover: false, isAvailable: true
D/PicasaSyncManager( 1423): background data: true
D/PicasaSyncManager( 1423): battery info: true
I/ActivityManager(  483): Start proc com.google.android.apps.plus for broadcast com.google.android.apps.plus/.service.ConnectivityReceiver: pid=1456 uid=10046 gids={50046, 3003, 3002, 1015, 1006, 1028}
D/dalvikvm( 1443): GC_CONCURRENT freed 391K, 7% free 7330K/7848K, paused 3ms+17ms, total 42ms
I/ActivityManager(  483): No longer want com.google.android.configupdater (pid 1070): empty #17
D/PicasaUploader( 1443):    wifiOnlyPhoto changed to true
D/PicasaUploader( 1443):    wifiOnlyVideo changed to true
D/PicasaUploader( 1443):    syncOnBattery changed to true
D/PicasaUploaderSync( 1443): sync account database
I/GAV2    ( 1323): Thread[GAThread,5,main]: No campaign data found.
D/PicasaUploaderSync( 1443): accounts in DB=0
D/PicasaUploaderSyncManager( 1443): active network: NetworkInfo: type: WIFI[], state: CONNECTED/CONNECTED, reason: (unspecified), extra: "CMU", roaming: false, failover: false, isAvailable: true
D/PicasaUploaderSyncManager( 1443): background data: true
D/dalvikvm( 1456): GC_CONCURRENT freed 371K, 7% free 7421K/7916K, paused 4ms+2ms, total 24ms
D/dalvikvm( 1456): WAIT_FOR_CONCURRENT_GC blocked 9ms
D/PicasaUploaderSyncManager( 1443): battery info: true
D/dalvikvm( 1456): GC_CONCURRENT freed 429K, 7% free 7507K/8060K, paused 1ms+2ms, total 17ms
D/dalvikvm( 1456): WAIT_FOR_CONCURRENT_GC blocked 9ms
D/dalvikvm( 1456): WAIT_FOR_CONCURRENT_GC blocked 9ms
D/dalvikvm( 1456): GC_CONCURRENT freed 412K, 7% free 7607K/8144K, paused 2ms+2ms, total 18ms
D/dalvikvm( 1456): WAIT_FOR_CONCURRENT_GC blocked 11ms
D/dalvikvm( 1456): WAIT_FOR_CONCURRENT_GC blocked 11ms
D/dalvikvm( 1456): GC_CONCURRENT freed 206K, 5% free 7909K/8244K, paused 3ms+2ms, total 19ms
D/dalvikvm( 1456): WAIT_FOR_CONCURRENT_GC blocked 8ms
D/dalvikvm( 1456): WAIT_FOR_CONCURRENT_GC blocked 6ms
D/dalvikvm( 1456): GC_CONCURRENT freed 136K, 4% free 8267K/8548K, paused 1ms+2ms, total 19ms
D/dalvikvm( 1456): WAIT_FOR_CONCURRENT_GC blocked 8ms
D/dalvikvm( 1456): GC_CONCURRENT freed 140K, 4% free 8612K/8904K, paused 1ms+2ms, total 20ms
D/dalvikvm( 1456): WAIT_FOR_CONCURRENT_GC blocked 9ms
D/dalvikvm( 1456): GC_FOR_ALLOC freed 252K, 5% free 8694K/9136K, paused 21ms, total 21ms
D/dalvikvm( 1456): GC_FOR_ALLOC freed 62K, 6% free 8758K/9264K, paused 18ms, total 18ms
I/dalvikvm-heap( 1456): Grow heap (frag case) to 8.920MB for 260112-byte allocation
D/dalvikvm( 1456): GC_FOR_ALLOC freed 126K, 7% free 8886K/9520K, paused 19ms, total 19ms
D/dalvikvm( 1456): GC_FOR_ALLOC freed 311K, 7% free 8875K/9520K, paused 25ms, total 25ms
D/dalvikvm( 1456): GC_FOR_ALLOC freed 62K, 7% free 8939K/9520K, paused 19ms, total 19ms
I/dalvikvm-heap( 1456): Grow heap (frag case) to 9.097MB for 260112-byte allocation
D/dalvikvm( 1456): GC_FOR_ALLOC freed 126K, 8% free 9067K/9776K, paused 25ms, total 25ms
D/dalvikvm( 1456): GC_FOR_ALLOC freed 307K, 8% free 9055K/9776K, paused 20ms, total 20ms
D/dalvikvm( 1456): GC_FOR_ALLOC freed 62K, 7% free 9119K/9776K, paused 19ms, total 19ms
I/dalvikvm-heap( 1456): Grow heap (frag case) to 9.273MB for 260112-byte allocation
D/dalvikvm( 1456): GC_FOR_ALLOC freed 126K, 8% free 9247K/10032K, paused 19ms, total 19ms
D/dalvikvm( 1456): GC_CONCURRENT freed 357K, 5% free 9549K/10032K, paused 1ms+3ms, total 24ms
D/dalvikvm( 1456): WAIT_FOR_CONCURRENT_GC blocked 9ms
D/ConnectivityService(  483): handleInetConditionHoldEnd: net=1, condition=100, published condition=0
D/dalvikvm( 1456): GC_CONCURRENT freed 155K, 3% free 10134K/10416K, paused 2ms+2ms, total 30ms
D/dalvikvm( 1456): WAIT_FOR_CONCURRENT_GC blocked 14ms
D/dalvikvm( 1456): GC_CONCURRENT freed 569K, 7% free 10523K/11216K, paused 1ms+2ms, total 30ms
D/dalvikvm( 1456): WAIT_FOR_CONCURRENT_GC blocked 14ms
D/dalvikvm( 1456): GC_CONCURRENT freed 246K, 4% free 11362K/11732K, paused 1ms+3ms, total 34ms
D/dalvikvm( 1456): WAIT_FOR_CONCURRENT_GC blocked 18ms
D/dalvikvm( 1456): GC_FOR_ALLOC freed 527K, 8% free 10907K/11764K, paused 32ms, total 32ms
I/dalvikvm-heap( 1456): Grow heap (frag case) to 106.771MB for 100663312-byte allocation
D/dalvikvm( 1456): GC_FOR_ALLOC freed <1K, 1% free 109211K/110072K, paused 30ms, total 30ms
D/gp.PicasaPhotoCP( 1456): set fsid first time:-1
I/ActivityManager(  483): No longer want com.google.android.gm (pid 1147): empty #17
D/dalvikvm( 1456): GC_CONCURRENT freed 50K, 1% free 109236K/110072K, paused 1ms+5ms, total 50ms
V/AlarmClock( 1086): No next alarm
V/AlarmClock( 1086): AlarmInitReceiver finished
I/ActivityManager(  483): Start proc com.google.android.gm for broadcast com.google.android.gm/com.android.mail.providers.protos.boot.AccountReceiver: pid=1493 uid=10020 gids={50020, 3003, 1015, 1028}
I/ActivityManager(  483): Start proc com.google.android.apps.maps:LocationFriendService for broadcast com.google.android.apps.maps/com.google.googlenav.friend.reporting.LocationReportingIntentReceiver: pid=1513 uid=10036 gids={50036, 3003, 1015, 1028}
I/ActivityManager(  483): No longer want android.process.acore (pid 795): empty #17
D/dalvikvm(  483): GC_EXPLICIT freed 624K, 7% free 11826K/12608K, paused 2ms+5ms, total 55ms
I/ActivityManager(  483): Start proc com.google.android.music:main for broadcast com.google.android.music/.store.MediaStoreImportService$Receiver: pid=1529 uid=10038 gids={50038, 3003, 1015, 1028}
I/ActivityManager(  483): No longer want com.google.android.apps.maps:FriendService (pid 1234): empty #17
I/MusicStore( 1529): Database version: 50
D/dalvikvm( 1529): GC_CONCURRENT freed 241K, 5% free 7440K/7808K, paused 2ms+2ms, total 21ms
I/talk    ( 1303): onMcsConnectionStarted
I/ActivityManager(  483): Start proc com.android.musicfx for broadcast com.android.musicfx/.ControlPanelReceiver: pid=1557 uid=10039 gids={50039, 3003, 3002, 1028}
V/MusicFXControlPanelReceiver( 1557): onReceive
V/MusicFXControlPanelReceiver( 1557): Action: android.media.action.CLOSE_AUDIO_EFFECT_CONTROL_SESSION
V/MusicFXControlPanelReceiver( 1557): Package name: com.google.android.music
V/MusicFXControlPanelReceiver( 1557): Audio session: 6
V/MusicFXControlPanelEffect( 1557): closeSession(android.app.ReceiverRestrictedContext@425a8898, com.google.android.music, 6)
I/ActivityManager(  483): No longer want com.google.android.exchange (pid 1123): empty #17
D/dalvikvm( 1529): GC_CONCURRENT freed 247K, 5% free 7631K/8008K, paused 3ms+3ms, total 33ms
I/MediaStoreImporter( 1529): Update: incremental Added music: 0 Updated music: 0 Deleted music: 0 Created playlists: 0 Updated playlists: 0 Deleted playlists: 0 Inserted playlist items: 0 Deleted playlist items: 0 Removed orphaned playlist items: 0
I/ActivityManager(  483): No longer want com.google.android.email (pid 1106): empty #17
W/GAV2    ( 1323): Thread[Service Reconnect,5,main]: Connection to service failed 1
W/ActivityManager(  483): Unable to start service Intent { act=com.google.android.gms.analytics.service.START (has extras) } U=0: not found
I/ActivityManager(  483): No longer want com.google.android.onetimeinitializer (pid 1252): empty #17
W/ThrottleService(  483): unable to find stats for iface rmnet0
D/PicasaSyncManager( 1423): battery info: false
D/PicasaUploaderSyncManager( 1443): battery info: false
D/dalvikvm( 1423): GC_CONCURRENT freed 264K, 7% free 7518K/8008K, paused 4ms+2ms, total 24ms
I/ActivityManager(  483): No longer want com.google.android.googlequicksearchbox (pid 1323): empty #17
I/InputReader(  483): Reconfiguring input devices.  changes=0x00000004
I/InputReader(  483): Device reconfigured: id=2, name='elan-touchscreen', size 800x1280, orientation 1, mode 1, display id 0
I/ActivityManager(  483): Config changes=1480 {1.0 310mcc?mnc en_US ldltr sw600dp w961dp h528dp 213dpi lrg land finger -keyb/v/h -nav/h s.6}
D/dalvikvm(  483): GC_CONCURRENT freed 818K, 8% free 12119K/13068K, paused 3ms+10ms, total 86ms
D/dalvikvm(  483): WAIT_FOR_CONCURRENT_GC blocked 78ms
D/dalvikvm(  727): GC_CONCURRENT freed 787K, 18% free 11323K/13728K, paused 5ms+13ms, total 46ms
D/dalvikvm(  483): GC_FOR_ALLOC freed 336K, 10% free 12129K/13408K, paused 45ms, total 45ms
D/dalvikvm(  483): GC_FOR_ALLOC freed 105K, 9% free 12211K/13408K, paused 42ms, total 42ms
D/Launcher.Model(  727): DbDebug    Modify item (Chrome) in db, id: 6 (4, 0, 0, 0) --> (4, 0, 0, 0)
D/Launcher.Model(  727): DbDebug    Modify item (Gmail) in db, id: 8 (4, 0, 1, 0) --> (4, 0, 1, 0)
D/Launcher.Model(  727): DbDebug    Modify item (Google+) in db, id: 10 (4, 0, 2, 0) --> (4, 0, 2, 0)
D/Launcher.Model(  727): DbDebug    Modify item (Maps) in db, id: 12 (4, 0, 3, 0) --> (4, 0, 3, 0)
D/Launcher.Model(  727): DbDebug    Modify item (YouTube) in db, id: 14 (4, 0, 0, 1) --> (4, 0, 0, 1)
D/Launcher.Model(  727): DbDebug    Modify item (Talk) in db, id: 16 (4, 0, 1, 1) --> (4, 0, 1, 1)
D/Launcher.Model(  727): DbDebug    Modify item (Calendar) in db, id: 18 (4, 0, 2, 1) --> (4, 0, 2, 1)
D/Launcher.Model(  727): DbDebug    Modify item (People) in db, id: 20 (4, 0, 3, 1) --> (4, 0, 3, 1)
D/Launcher.Model(  727): DbDebug    Modify item (Gallery) in db, id: 22 (4, 0, 0, 2) --> (4, 0, 0, 2)
D/Launcher.Model(  727): DbDebug    Modify item (Earth) in db, id: 24 (4, 0, 1, 2) --> (4, 0, 1, 2)
D/Launcher.Model(  727): DbDebug    Modify item (Currents) in db, id: 26 (4, 0, 2, 2) --> (4, 0, 2, 2)
D/Launcher.Model(  727): DbDebug    Modify item (Wallet) in db, id: 28 (4, 0, 3, 2) --> (4, 0, 3, 2)
I/Choreographer(  727): Skipped 30 frames!  The application may be doing too much work on its main thread.
D/MtpService(  641): updating state; isCurrentUser=true, mMtpLocked=false
D/MtpService(  641): addStorageLocked 65537 /storage/emulated/0
D/MtpService(  641): updating state; isCurrentUser=true, mMtpLocked=false
D/MtpService(  641): starting MTP server in MTP mode
D/MtpService(  641): addStorageLocked 65537 /storage/emulated/0
D/PicasaSyncManager( 1423): battery info: true
W/PowerUI (  572): unknown intent: Intent { act=android.intent.action.ACTION_POWER_CONNECTED flg=0x8000010 }
I/ActivityManager(  483): Start proc com.google.android.apps.maps for broadcast com.google.android.apps.maps/com.google.googlenav.android.MapServiceReceiver: pid=1639 uid=10036 gids={50036, 3003, 1015, 1028}
D/dalvikvm( 1639): GC_CONCURRENT freed 232K, 5% free 7555K/7912K, paused 3ms+4ms, total 29ms
D/PicasaUploaderSyncManager( 1443): battery info: true
D/dalvikvm( 1443): GC_CONCURRENT freed 334K, 7% free 7390K/7880K, paused 7ms+2ms, total 32ms
D/dalvikvm(  483): GC_EXPLICIT freed 380K, 8% free 12463K/13492K, paused 7ms+5ms, total 67ms
I/ActivityManager(  483): Config changes=1480 {1.0 310mcc?mnc en_US ldltr sw600dp w600dp h880dp 213dpi lrg port finger -keyb/v/h -nav/h s.7}
I/InputReader(  483): Reconfiguring input devices.  changes=0x00000004
I/InputReader(  483): Device reconfigured: id=2, name='elan-touchscreen', size 800x1280, orientation 0, mode 1, display id 0
D/dalvikvm(  727): GC_CONCURRENT freed 1072K, 16% free 11600K/13728K, paused 12ms+14ms, total 114ms
D/dalvikvm(  727): WAIT_FOR_CONCURRENT_GC blocked 42ms
D/Launcher.Model(  727): DbDebug    Modify item (Chrome) in db, id: 6 (4, 0, 0, 0) --> (4, 0, 0, 0)
D/Launcher.Model(  727): DbDebug    Modify item (Gmail) in db, id: 8 (4, 0, 1, 0) --> (4, 0, 1, 0)
D/Launcher.Model(  727): DbDebug    Modify item (Google+) in db, id: 10 (4, 0, 2, 0) --> (4, 0, 2, 0)
D/Launcher.Model(  727): DbDebug    Modify item (Maps) in db, id: 12 (4, 0, 3, 0) --> (4, 0, 3, 0)
D/Launcher.Model(  727): DbDebug    Modify item (YouTube) in db, id: 14 (4, 0, 0, 1) --> (4, 0, 0, 1)
D/Launcher.Model(  727): DbDebug    Modify item (Talk) in db, id: 16 (4, 0, 1, 1) --> (4, 0, 1, 1)
D/Launcher.Model(  727): DbDebug    Modify item (Calendar) in db, id: 18 (4, 0, 2, 1) --> (4, 0, 2, 1)
D/Launcher.Model(  727): DbDebug    Modify item (People) in db, id: 20 (4, 0, 3, 1) --> (4, 0, 3, 1)
D/Launcher.Model(  727): DbDebug    Modify item (Gallery) in db, id: 22 (4, 0, 0, 2) --> (4, 0, 0, 2)
D/Launcher.Model(  727): DbDebug    Modify item (Earth) in db, id: 24 (4, 0, 1, 2) --> (4, 0, 1, 2)
D/Launcher.Model(  727): DbDebug    Modify item (Currents) in db, id: 26 (4, 0, 2, 2) --> (4, 0, 2, 2)
D/Launcher.Model(  727): DbDebug    Modify item (Wallet) in db, id: 28 (4, 0, 3, 2) --> (4, 0, 3, 2)
D/dalvikvm(  727): GC_FOR_ALLOC freed 393K, 17% free 11476K/13728K, paused 40ms, total 40ms
I/dalvikvm-heap(  727): Grow heap (frag case) to 11.927MB for 633632-byte allocation
D/dalvikvm(  727): GC_FOR_ALLOC freed 1K, 16% free 12092K/14348K, paused 49ms, total 49ms
I/Choreographer(  727): Skipped 33 frames!  The application may be doing too much work on its main thread.
D/dalvikvm(  483): GC_EXPLICIT freed 200K, 7% free 12597K/13488K, paused 7ms+6ms, total 70ms
D/PicasaSyncManager( 1423): battery info: false
D/PicasaUploaderSyncManager( 1443): battery info: false
I/ActivityManager(  483): No longer want com.google.android.partnersetup (pid 1186): empty #17
I/InputReader(  483): Reconfiguring input devices.  changes=0x00000004
I/InputReader(  483): Device reconfigured: id=2, name='elan-touchscreen', size 800x1280, orientation 3, mode 1, display id 0
I/ActivityManager(  483): Config changes=1480 {1.0 310mcc?mnc en_US ldltr sw600dp w961dp h528dp 213dpi lrg land finger -keyb/v/h -nav/h s.8}
D/Launcher.Model(  727): DbDebug    Modify item (Chrome) in db, id: 6 (4, 0, 0, 0) --> (4, 0, 0, 0)
D/Launcher.Model(  727): DbDebug    Modify item (Gmail) in db, id: 8 (4, 0, 1, 0) --> (4, 0, 1, 0)
D/Launcher.Model(  727): DbDebug    Modify item (Google+) in db, id: 10 (4, 0, 2, 0) --> (4, 0, 2, 0)
D/Launcher.Model(  727): DbDebug    Modify item (Maps) in db, id: 12 (4, 0, 3, 0) --> (4, 0, 3, 0)
D/Launcher.Model(  727): DbDebug    Modify item (YouTube) in db, id: 14 (4, 0, 0, 1) --> (4, 0, 0, 1)
D/Launcher.Model(  727): DbDebug    Modify item (Talk) in db, id: 16 (4, 0, 1, 1) --> (4, 0, 1, 1)
D/Launcher.Model(  727): DbDebug    Modify item (Calendar) in db, id: 18 (4, 0, 2, 1) --> (4, 0, 2, 1)
D/Launcher.Model(  727): DbDebug    Modify item (People) in db, id: 20 (4, 0, 3, 1) --> (4, 0, 3, 1)
D/Launcher.Model(  727): DbDebug    Modify item (Gallery) in db, id: 22 (4, 0, 0, 2) --> (4, 0, 0, 2)
D/Launcher.Model(  727): DbDebug    Modify item (Earth) in db, id: 24 (4, 0, 1, 2) --> (4, 0, 1, 2)
D/Launcher.Model(  727): DbDebug    Modify item (Currents) in db, id: 26 (4, 0, 2, 2) --> (4, 0, 2, 2)
D/Launcher.Model(  727): DbDebug    Modify item (Wallet) in db, id: 28 (4, 0, 3, 2) --> (4, 0, 3, 2)
D/dalvikvm(  727): GC_CONCURRENT freed 1715K, 17% free 11924K/14348K, paused 9ms+12ms, total 83ms
D/dalvikvm(  483): GC_EXPLICIT freed 945K, 11% free 12082K/13488K, paused 7ms+7ms, total 68ms
I/InputReader(  483): Reconfiguring input devices.  changes=0x00000004
I/InputReader(  483): Device reconfigured: id=2, name='elan-touchscreen', size 800x1280, orientation 0, mode 1, display id 0
I/ActivityManager(  483): Config changes=1480 {1.0 310mcc?mnc en_US ldltr sw600dp w600dp h880dp 213dpi lrg port finger -keyb/v/h -nav/h s.9}
D/dalvikvm(  483): GC_FOR_ALLOC freed 626K, 9% free 12290K/13488K, paused 44ms, total 45ms
D/MtpService(  641): updating state; isCurrentUser=true, mMtpLocked=false
D/MtpService(  641): addStorageLocked 65537 /storage/emulated/0
D/MtpService(  641): updating state; isCurrentUser=true, mMtpLocked=false
D/MtpService(  641): starting MTP server in MTP mode
D/MtpService(  641): addStorageLocked 65537 /storage/emulated/0
D/Launcher.Model(  727): DbDebug    Modify item (Chrome) in db, id: 6 (4, 0, 0, 0) --> (4, 0, 0, 0)
D/Launcher.Model(  727): DbDebug    Modify item (Gmail) in db, id: 8 (4, 0, 1, 0) --> (4, 0, 1, 0)
D/Launcher.Model(  727): DbDebug    Modify item (Google+) in db, id: 10 (4, 0, 2, 0) --> (4, 0, 2, 0)
D/Launcher.Model(  727): DbDebug    Modify item (Maps) in db, id: 12 (4, 0, 3, 0) --> (4, 0, 3, 0)
D/Launcher.Model(  727): DbDebug    Modify item (YouTube) in db, id: 14 (4, 0, 0, 1) --> (4, 0, 0, 1)
D/Launcher.Model(  727): DbDebug    Modify item (Talk) in db, id: 16 (4, 0, 1, 1) --> (4, 0, 1, 1)
D/Launcher.Model(  727): DbDebug    Modify item (Calendar) in db, id: 18 (4, 0, 2, 1) --> (4, 0, 2, 1)
D/Launcher.Model(  727): DbDebug    Modify item (People) in db, id: 20 (4, 0, 3, 1) --> (4, 0, 3, 1)
D/Launcher.Model(  727): DbDebug    Modify item (Gallery) in db, id: 22 (4, 0, 0, 2) --> (4, 0, 0, 2)
D/Launcher.Model(  727): DbDebug    Modify item (Earth) in db, id: 24 (4, 0, 1, 2) --> (4, 0, 1, 2)
D/Launcher.Model(  727): DbDebug    Modify item (Currents) in db, id: 26 (4, 0, 2, 2) --> (4, 0, 2, 2)
D/Launcher.Model(  727): DbDebug    Modify item (Wallet) in db, id: 28 (4, 0, 3, 2) --> (4, 0, 3, 2)
D/PicasaSyncManager( 1423): battery info: true
W/PowerUI (  572): unknown intent: Intent { act=android.intent.action.ACTION_POWER_CONNECTED flg=0x8000010 }
D/PicasaUploaderSyncManager( 1443): battery info: true
D/dalvikvm(  483): GC_EXPLICIT freed 589K, 9% free 12455K/13676K, paused 7ms+5ms, total 73ms
D/PhoneStatusBar(  572): disable: < expand ICONS* alerts TICKER* system_info back* home* RECENT CLOCK* search >
D/PhoneStatusBar(  572): disable: < expand icons* alerts ticker* system_info back home RECENT clock* search >
D/PhoneStatusBar(  572): disable: < expand icons alerts ticker system_info BACK* HOME* RECENT clock search >
D/PhoneStatusBar(  572): disable: < expand icons alerts TICKER* SYSTEM_INFO* back* home* RECENT clock search >
D/PhoneStatusBar(  572): disable: < expand icons alerts ticker* system_info* back home RECENT clock search >
D/PhoneStatusBar(  572): disable: < expand icons alerts ticker system_info BACK* HOME* RECENT clock search >
D/PicasaUploaderSyncManager( 1443): battery info: false
D/PicasaSyncManager( 1423): battery info: false
I/InputReader(  483): Reconfiguring input devices.  changes=0x00000004
I/InputReader(  483): Device reconfigured: id=2, name='elan-touchscreen', size 800x1280, orientation 3, mode 1, display id 0
I/ActivityManager(  483): Config changes=1480 {1.0 310mcc?mnc en_US ldltr sw600dp w961dp h528dp 213dpi lrg land finger -keyb/v/h -nav/h s.10}
D/dalvikvm(  727): GC_CONCURRENT freed 1408K, 17% free 11954K/14348K, paused 14ms+27ms, total 69ms
D/Launcher.Model(  727): DbDebug    Modify item (Chrome) in db, id: 6 (4, 0, 0, 0) --> (4, 0, 0, 0)
D/Launcher.Model(  727): DbDebug    Modify item (Gmail) in db, id: 8 (4, 0, 1, 0) --> (4, 0, 1, 0)
D/Launcher.Model(  727): DbDebug    Modify item (Google+) in db, id: 10 (4, 0, 2, 0) --> (4, 0, 2, 0)
D/Launcher.Model(  727): DbDebug    Modify item (Maps) in db, id: 12 (4, 0, 3, 0) --> (4, 0, 3, 0)
D/Launcher.Model(  727): DbDebug    Modify item (YouTube) in db, id: 14 (4, 0, 0, 1) --> (4, 0, 0, 1)
D/Launcher.Model(  727): DbDebug    Modify item (Talk) in db, id: 16 (4, 0, 1, 1) --> (4, 0, 1, 1)
D/Launcher.Model(  727): DbDebug    Modify item (Calendar) in db, id: 18 (4, 0, 2, 1) --> (4, 0, 2, 1)
D/Launcher.Model(  727): DbDebug    Modify item (People) in db, id: 20 (4, 0, 3, 1) --> (4, 0, 3, 1)
D/Launcher.Model(  727): DbDebug    Modify item (Gallery) in db, id: 22 (4, 0, 0, 2) --> (4, 0, 0, 2)
D/Launcher.Model(  727): DbDebug    Modify item (Earth) in db, id: 24 (4, 0, 1, 2) --> (4, 0, 1, 2)
D/Launcher.Model(  727): DbDebug    Modify item (Currents) in db, id: 26 (4, 0, 2, 2) --> (4, 0, 2, 2)
D/Launcher.Model(  727): DbDebug    Modify item (Wallet) in db, id: 28 (4, 0, 3, 2) --> (4, 0, 3, 2)
I/Choreographer(  727): Skipped 50 frames!  The application may be doing too much work on its main thread.
D/dalvikvm(  727): GC_CONCURRENT freed 2041K, 21% free 11444K/14348K, paused 15ms+46ms, total 238ms
D/dalvikvm(  483): GC_EXPLICIT freed 389K, 8% free 12582K/13676K, paused 7ms+6ms, total 73ms
I/PowerManagerService(  483): Going to sleep due to screen timeout...
D/SurfaceFlinger(  125): Screen released, type=0 flinger=0x415ab318
I/WindowManager(  483): Lock screen displayed!
D/PermissionCache(  125): checking android.permission.READ_FRAME_BUFFER for uid=1000 => granted (167 us)
I/PowerManagerService(  483): Waking up from sleep...
W/PowerUI (  572): unknown intent: Intent { act=android.intent.action.ACTION_POWER_CONNECTED flg=0x8000010 }
D/PicasaSyncManager( 1423): battery info: true
D/PicasaUploaderSyncManager( 1443): battery info: true
D/PowerManagerService-JNI(  483): Excessive delay in autosuspend_disable() while turning screen on: 259ms
D/SurfaceFlinger(  125): Screen acquired, type=0 flinger=0x415ab318
I/WindowManager(  483): Lock screen displayed!
D/MtpService(  641): updating state; isCurrentUser=true, mMtpLocked=false
D/MtpService(  641): addStorageLocked 65537 /storage/emulated/0
D/MtpService(  641): updating state; isCurrentUser=true, mMtpLocked=false
D/MtpService(  641): starting MTP server in MTP mode
D/MtpService(  641): addStorageLocked 65537 /storage/emulated/0
W/ThrottleService(  483): unable to find stats for iface rmnet0
D/dalvikvm(  483): GC_CONCURRENT freed 1393K, 11% free 12406K/13936K, paused 12ms+7ms, total 112ms
